
> solo-traveller-server@1.0.0 test
> jest

npm : FAIL tests/auth.test.js
At line:1 char:1
+ npm test > test_output.txt 2>&1
+ ~~~~~~~~~~~~~~~~~~~~~~~~~~~~~~~
    + CategoryInfo          : NotSpecified: (FAIL tests/auth.tes 
   t.js:String) [], RemoteException
    + FullyQualifiedErrorId : NativeCommandError
 
  ΓùÅ Console

    console.log
      [dotenv@17.2.3] injecting env (9) from .env -- tip: ≡ƒôí 
add observability to secrets: https://dotenvx.com/ops

      at _log (node_modules/dotenv/lib/main.js:142:11)

    console.log
      [dotenv@17.2.3] injecting env (0) from .env -- tip: ΓÜÖ∩╕Å 
 override existing env vars with { override: true }

      at _log (node_modules/dotenv/lib/main.js:142:11)

  ΓùÅ Auth Endpoints ΓÇ║ should register a new user

    SequelizeConnectionRefusedError: connect ECONNREFUSED 
127.0.0.1:5432

      at Client._connectionCallback (node_modules/sequelize/src/d
ialects/postgres/connection-manager.js:184:24)
      at Client._handleErrorWhileConnecting 
(node_modules/pg/lib/client.js:336:19)
      at Client._handleErrorEvent 
(node_modules/pg/lib/client.js:346:19)
      at Socket.reportStreamError 
(node_modules/pg/lib/connection.js:57:12)

  ΓùÅ Auth Endpoints ΓÇ║ should login with valid credentials

    SequelizeConnectionRefusedError: connect ECONNREFUSED 
127.0.0.1:5432

      at Client._connectionCallback (node_modules/sequelize/src/d
ialects/postgres/connection-manager.js:184:24)
      at Client._handleErrorWhileConnecting 
(node_modules/pg/lib/client.js:336:19)
      at Client._handleErrorEvent 
(node_modules/pg/lib/client.js:346:19)
      at Socket.reportStreamError 
(node_modules/pg/lib/connection.js:57:12)

  ΓùÅ Auth Endpoints ΓÇ║ should fail login with invalid password

    SequelizeConnectionRefusedError: connect ECONNREFUSED 
127.0.0.1:5432

      at Client._connectionCallback (node_modules/sequelize/src/d
ialects/postgres/connection-manager.js:184:24)
      at Client._handleErrorWhileConnecting 
(node_modules/pg/lib/client.js:336:19)
      at Client._handleErrorEvent 
(node_modules/pg/lib/client.js:346:19)
      at Socket.reportStreamError 
(node_modules/pg/lib/connection.js:57:12)

FAIL tests/trips.test.js
  ΓùÅ Console

    console.log
      [dotenv@17.2.3] injecting env (9) from .env -- tip: ≡ƒôí 
add observability to secrets: https://dotenvx.com/ops

      at _log (node_modules/dotenv/lib/main.js:142:11)

    console.log
      [dotenv@17.2.3] injecting env (0) from .env -- tip: ΓÜÖ∩╕Å 
 load multiple .env files with { path: ['.env.local', '.env'] }

      at _log (node_modules/dotenv/lib/main.js:142:11)

    console.log
      [dotenv@17.2.3] injecting env (0) from .env -- tip: ≡ƒöÉ 
prevent committing .env to code: https://dotenvx.com/precommit

      at _log (node_modules/dotenv/lib/main.js:142:11)

  ΓùÅ Trip Endpoints ΓÇ║ should create a new trip

    SequelizeConnectionRefusedError: connect ECONNREFUSED 
127.0.0.1:5432

      at Client._connectionCallback (node_modules/sequelize/src/d
ialects/postgres/connection-manager.js:184:24)
      at Client._handleErrorWhileConnecting 
(node_modules/pg/lib/client.js:336:19)
      at Client._handleErrorEvent 
(node_modules/pg/lib/client.js:346:19)
      at Socket.reportStreamError 
(node_modules/pg/lib/connection.js:57:12)

  ΓùÅ Trip Endpoints ΓÇ║ should fetch user trips

    SequelizeConnectionRefusedError: connect ECONNREFUSED 
127.0.0.1:5432

      at Client._connectionCallback (node_modules/sequelize/src/d
ialects/postgres/connection-manager.js:184:24)
      at Client._handleErrorWhileConnecting 
(node_modules/pg/lib/client.js:336:19)
      at Client._handleErrorEvent 
(node_modules/pg/lib/client.js:346:19)
      at Socket.reportStreamError 
(node_modules/pg/lib/connection.js:57:12)

  ΓùÅ Trip Endpoints ΓÇ║ should verify data encryption in DB

    SequelizeConnectionRefusedError: connect ECONNREFUSED 
127.0.0.1:5432

      at Client._connectionCallback (node_modules/sequelize/src/d
ialects/postgres/connection-manager.js:184:24)
      at Client._handleErrorWhileConnecting 
(node_modules/pg/lib/client.js:336:19)
      at Client._handleErrorEvent 
(node_modules/pg/lib/client.js:346:19)
      at Socket.reportStreamError 
(node_modules/pg/lib/connection.js:57:12)

Test Suites: 2 failed, 2 total
Tests:       6 failed, 6 total
Snapshots:   0 total
Time:        1.604 s, estimated 3 s
Ran all test suites.
